// Jest Snapshot v1, https://goo.gl/fbAQLP

exports[`Button render test 1`] = `
<View
  style={
    Object {
      "alignItems": "center",
      "flex": 1,
      "justifyContent": "center",
    }
  }
>
  <View
    accessible={true}
    collapsable={false}
    focusable={true}
    onBlur={[Function]}
    onClick={[Function]}
    onFocus={[Function]}
    onResponderGrant={[Function]}
    onResponderMove={[Function]}
    onResponderRelease={[Function]}
    onResponderTerminate={[Function]}
    onResponderTerminationRequest={[Function]}
    onStartShouldSetResponder={[Function]}
    style={
      Object {
        "alignItems": "center",
        "backgroundColor": "#C8E3D4",
        "borderRadius": 10,
        "elevation": 10,
        "height": "80%",
        "justifyContent": "center",
        "shadowColor": "#000",
        "shadowOffset": Object {
          "height": 4,
          "width": 4,
        },
        "shadowOpacity": 0.5,
        "shadowRadius": 10,
        "width": "80%",
      }
    }
  >
    <Image
      source={
        Object {
          "testUri": "../../../assets/logo.png",
        }
      }
      style={
        Object {
          "height": "90%",
          "width": "90%",
        }
      }
    />
  </View>
</View>
`;
