// Jest Snapshot v1, https://goo.gl/fbAQLP

exports[`Input test 1`] = `
<View
  style={
    Object {
      "backgroundColor": "#C8E3D4",
      "borderRadius": 20,
      "marginBottom": "10%",
      "marginTop": "15%",
      "paddingHorizontal": 10,
      "width": "100%",
    }
  }
>
  <Text
    style={
      Object {
        "color": "#000",
        "fontSize": 16,
        "fontWeight": "bold",
        "marginTop": 10,
      }
    }
  >
    E-mail
  </Text>
  <View
    collapsable={false}
    nativeID="animatedComponent"
    style={
      Object {
        "alignItems": "center",
        "borderBottomWidth": 1,
        "borderColor": "#86939e",
        "flexDirection": "row",
        "transform": Array [
          Object {
            "translateX": 0,
          },
        ],
      }
    }
  >
    <View
      style={
        Object {
          "alignItems": "center",
          "height": 40,
          "justifyContent": "center",
          "marginVertical": 4,
          "paddingRight": 4,
        }
      }
    >
      <View
        style={
          Object {
            "overflow": "hidden",
          }
        }
      >
        <View>
          <View
            style={
              Object {
                "alignItems": "center",
                "backgroundColor": "transparent",
                "justifyContent": "center",
              }
            }
          >
            <Text
              allowFontScaling={false}
              style={
                Array [
                  Object {
                    "color": "#242424",
                    "fontSize": 24,
                  },
                  Object {
                    "backgroundColor": "transparent",
                  },
                  Object {
                    "fontFamily": "Entypo",
                    "fontStyle": "normal",
                    "fontWeight": "normal",
                  },
                  Object {},
                ]
              }
              testID="iconIcon"
            >
              ï‡¯
            </Text>
          </View>
        </View>
      </View>
    </View>
    <TextInput
      autoComplete="email"
      defaultValue="abc@abc.com"
      editable={true}
      keyboardType="email-address"
      onChangeText={[Function]}
      placeholder="adres@pocztowy.pl"
      placeholderTextColor="#86939e"
      style={
        Object {
          "color": "#242424",
          "flex": 1,
          "fontSize": 18,
          "minHeight": 40,
        }
      }
      testID="RNE__Input__text-input"
      underlineColorAndroid="transparent"
    />
  </View>
  <Text
    style={
      Object {
        "color": "#ff190c",
        "fontSize": 12,
        "margin": 5,
      }
    }
  />
</View>
`;
