// Jest Snapshot v1, https://goo.gl/fbAQLP

exports[`Button render test 1`] = `
<TextInput
  onChange={[Function]}
  style={
    Object {
      "backgroundColor": "#ddd",
      "borderColor": "gray",
      "borderRadius": 5,
      "borderWidth": 1,
      "fontSize": 20,
      "height": 60,
      "marginBottom": 10,
      "width": "90%",
    }
  }
  value=""
/>
`;
