// Jest Snapshot v1, https://goo.gl/fbAQLP

exports[`Button test 1`] = `
<View>
  <View
    style={
      Array [
        Object {
          "borderRadius": 3,
          "overflow": "hidden",
        },
        Object {
          "borderRadius": 3,
        },
        Object {
          "marginHorizontal": 50,
          "marginVertical": 10,
          "width": 200,
        },
        false,
      ]
    }
  >
    <View
      accessibilityRole="button"
      accessibilityState={
        Object {
          "busy": false,
          "disabled": false,
        }
      }
      accessible={true}
      collapsable={false}
      focusable={true}
      nativeID="animatedComponent"
      onClick={[Function]}
      onResponderGrant={[Function]}
      onResponderMove={[Function]}
      onResponderRelease={[Function]}
      onResponderTerminate={[Function]}
      onResponderTerminationRequest={[Function]}
      onStartShouldSetResponder={[Function]}
      style={
        Object {
          "opacity": 1,
        }
      }
    >
      <View
        style={
          Object {
            "alignItems": "center",
            "backgroundColor": "#C8E3D4",
            "borderColor": "white",
            "borderRadius": 30,
            "borderWidth": 1,
            "flexDirection": "row",
            "justifyContent": "center",
            "padding": 8,
          }
        }
      >
        <Text
          style={
            Object {
              "color": "#000",
              "fontSize": 18,
              "fontWeight": "bold",
              "paddingVertical": 1,
              "textAlign": "center",
            }
          }
        >
          5
        </Text>
      </View>
    </View>
  </View>
  <View
    style={
      Array [
        Object {
          "borderRadius": 3,
          "overflow": "hidden",
        },
        Object {
          "borderRadius": 3,
        },
        Object {
          "marginHorizontal": 50,
          "marginVertical": 10,
          "width": 200,
        },
        false,
      ]
    }
  >
    <View
      accessibilityRole="button"
      accessibilityState={
        Object {
          "busy": false,
          "disabled": false,
        }
      }
      accessible={true}
      collapsable={false}
      focusable={true}
      nativeID="animatedComponent"
      onClick={[Function]}
      onResponderGrant={[Function]}
      onResponderMove={[Function]}
      onResponderRelease={[Function]}
      onResponderTerminate={[Function]}
      onResponderTerminationRequest={[Function]}
      onStartShouldSetResponder={[Function]}
      style={
        Object {
          "opacity": 1,
        }
      }
    >
      <View
        style={
          Object {
            "alignItems": "center",
            "backgroundColor": "#C8E3D4",
            "borderColor": "white",
            "borderRadius": 30,
            "borderWidth": 1,
            "flexDirection": "row",
            "justifyContent": "center",
            "marginBottom": "10%",
            "padding": 8,
          }
        }
      >
        <Text
          style={
            Object {
              "color": "#000",
              "fontSize": 18,
              "fontWeight": "bold",
              "paddingVertical": 1,
              "textAlign": "center",
            }
          }
        >
          test
        </Text>
      </View>
    </View>
  </View>
</View>
`;
